// Jest Snapshot v1, https://goo.gl/fbAQLP

exports[`Pruebas sobre el componente <Hookspp /> debe renderizar el componente correctamente 1`] = `
<div>
  <h1>
    Hola Mundo
  </h1>
</div>
`;
